1 iDAP impute yes pc 0.05
2 allDAP impute yes pc 0.05
3 i1DAP impute yes pc 0.05
4 i2DAP impute yes pc 0.05
5 sDAP impute yes pc 0.05
6 iDAP presence yes pc 0.05
7 allDAP presence yes pc 0.05
8 i1DAP presence yes pc 0.05
9 i2DAP presence yes pc 0.05
10 sDAP presence yes pc 0.05
11 iDAP impute no pc 0.05
12 allDAP impute no pc 0.05
13 i1DAP impute no pc 0.05
14 i2DAP impute no pc 0.05
15 sDAP impute no pc 0.05
16 iDAP presence no pc 0.05
17 allDAP presence no pc 0.05
18 i1DAP presence no pc 0.05
19 i2DAP presence no pc 0.05
20 sDAP presence no pc 0.05
21 iDAP impute yes fges NA
22 allDAP impute yes fges NA
23 i1DAP impute yes fges NA
24 i2DAP impute yes fges NA
25 sDAP impute yes fges NA
26 iDAP presence yes fges NA
27 allDAP presence yes fges NA
28 i1DAP presence yes fges NA
29 i2DAP presence yes fges NA
30 sDAP presence yes fges NA
31 iDAP impute no fges NA
32 allDAP impute no fges NA
33 i1DAP impute no fges NA
34 i2DAP impute no fges NA
35 sDAP impute no fges NA
36 iDAP presence no fges NA
37 allDAP presence no fges NA
38 i1DAP presence no fges NA
39 i2DAP presence no fges NA
40 sDAP presence no fges NA
41 iDAP impute yes grasp-fci 0.05
42 allDAP impute yes grasp-fci 0.05
43 i1DAP impute yes grasp-fci 0.05
44 i2DAP impute yes grasp-fci 0.05
45 sDAP impute yes grasp-fci 0.05
46 iDAP presence yes grasp-fci 0.05
47 allDAP presence yes grasp-fci 0.05
48 i1DAP presence yes grasp-fci 0.05
49 i2DAP presence yes grasp-fci 0.05
50 sDAP presence yes grasp-fci 0.05
51 iDAP impute no grasp-fci 0.05
52 allDAP impute no grasp-fci 0.05
53 i1DAP impute no grasp-fci 0.05
54 i2DAP impute no grasp-fci 0.05
55 sDAP impute no grasp-fci 0.05
56 iDAP presence no grasp-fci 0.05
57 allDAP presence no grasp-fci 0.05
58 i1DAP presence no grasp-fci 0.05
59 i2DAP presence no grasp-fci 0.05
60 sDAP presence no grasp-fci 0.05
61 iDAP impute yes fci 0.05
62 allDAP impute yes fci 0.05
63 i1DAP impute yes fci 0.05
64 i2DAP impute yes fci 0.05
65 sDAP impute yes fci 0.05
66 iDAP presence yes fci 0.05
67 allDAP presence yes fci 0.05
68 i1DAP presence yes fci 0.05
69 i2DAP presence yes fci 0.05
70 sDAP presence yes fci 0.05
71 iDAP impute no fci 0.05
72 allDAP impute no fci 0.05
73 i1DAP impute no fci 0.05
74 i2DAP impute no fci 0.05
75 sDAP impute no fci 0.05
76 iDAP presence no fci 0.05
77 allDAP presence no fci 0.05
78 i1DAP presence no fci 0.05
79 i2DAP presence no fci 0.05
80 sDAP presence no fci 0.05
81 iDAP impute yes boss NA
82 allDAP impute yes boss NA
83 i1DAP impute yes boss NA
84 i2DAP impute yes boss NA
85 sDAP impute yes boss NA
86 iDAP presence yes boss NA
87 allDAP presence yes boss NA
88 i1DAP presence yes boss NA
89 i2DAP presence yes boss NA
90 sDAP presence yes boss NA
91 iDAP impute no boss NA
92 allDAP impute no boss NA
93 i1DAP impute no boss NA
94 i2DAP impute no boss NA
95 sDAP impute no boss NA
96 iDAP presence no boss NA
97 allDAP presence no boss NA
98 i1DAP presence no boss NA
99 i2DAP presence no boss NA
100 sDAP presence no boss NA
101 iDAP impute yes grasp 0.05
102 allDAP impute yes grasp 0.05
103 i1DAP impute yes grasp 0.05
104 i2DAP impute yes grasp 0.05
105 sDAP impute yes grasp 0.05
106 iDAP presence yes grasp 0.05
107 allDAP presence yes grasp 0.05
108 i1DAP presence yes grasp 0.05
109 i2DAP presence yes grasp 0.05
110 sDAP presence yes grasp 0.05
111 iDAP impute no grasp 0.05
112 allDAP impute no grasp 0.05
113 i1DAP impute no grasp 0.05
114 i2DAP impute no grasp 0.05
115 sDAP impute no grasp 0.05
116 iDAP presence no grasp 0.05
117 allDAP presence no grasp 0.05
118 i1DAP presence no grasp 0.05
119 i2DAP presence no grasp 0.05
120 sDAP presence no grasp 0.05
121 iDAP impute yes gfci 0.05
122 allDAP impute yes gfci 0.05
123 i1DAP impute yes gfci 0.05
124 i2DAP impute yes gfci 0.05
125 sDAP impute yes gfci 0.05
126 iDAP presence yes gfci 0.05
127 allDAP presence yes gfci 0.05
128 i1DAP presence yes gfci 0.05
129 i2DAP presence yes gfci 0.05
130 sDAP presence yes gfci 0.05
131 iDAP impute no gfci 0.05
132 allDAP impute no gfci 0.05
133 i1DAP impute no gfci 0.05
134 i2DAP impute no gfci 0.05
135 sDAP impute no gfci 0.05
136 iDAP presence no gfci 0.05
137 allDAP presence no gfci 0.05
138 i1DAP presence no gfci 0.05
139 i2DAP presence no gfci 0.05
140 sDAP presence no gfci 0.05
141 iDAP impute yes rfci 0.05
142 allDAP impute yes rfci 0.05
143 i1DAP impute yes rfci 0.05
144 i2DAP impute yes rfci 0.05
145 sDAP impute yes rfci 0.05
146 iDAP presence yes rfci 0.05
147 allDAP presence yes rfci 0.05
148 i1DAP presence yes rfci 0.05
149 i2DAP presence yes rfci 0.05
150 sDAP presence yes rfci 0.05
151 iDAP impute no rfci 0.05
152 allDAP impute no rfci 0.05
153 i1DAP impute no rfci 0.05
154 i2DAP impute no rfci 0.05
155 sDAP impute no rfci 0.05
156 iDAP presence no rfci 0.05
157 allDAP presence no rfci 0.05
158 i1DAP presence no rfci 0.05
159 i2DAP presence no rfci 0.05
160 sDAP presence no rfci 0.05
161 iDAP impute yes cfci 0.05
162 allDAP impute yes cfci 0.05
163 i1DAP impute yes cfci 0.05
164 i2DAP impute yes cfci 0.05
165 sDAP impute yes cfci 0.05
166 iDAP presence yes cfci 0.05
167 allDAP presence yes cfci 0.05
168 i1DAP presence yes cfci 0.05
169 i2DAP presence yes cfci 0.05
170 sDAP presence yes cfci 0.05
171 iDAP impute no cfci 0.05
172 allDAP impute no cfci 0.05
173 i1DAP impute no cfci 0.05
174 i2DAP impute no cfci 0.05
175 sDAP impute no cfci 0.05
176 iDAP presence no cfci 0.05
177 allDAP presence no cfci 0.05
178 i1DAP presence no cfci 0.05
179 i2DAP presence no cfci 0.05
180 sDAP presence no cfci 0.05
181 iDAP impute yes cpc 0.05
182 allDAP impute yes cpc 0.05
183 i1DAP impute yes cpc 0.05
184 i2DAP impute yes cpc 0.05
185 sDAP impute yes cpc 0.05
186 iDAP presence yes cpc 0.05
187 allDAP presence yes cpc 0.05
188 i1DAP presence yes cpc 0.05
189 i2DAP presence yes cpc 0.05
190 sDAP presence yes cpc 0.05
191 iDAP impute no cpc 0.05
192 allDAP impute no cpc 0.05
193 i1DAP impute no cpc 0.05
194 i2DAP impute no cpc 0.05
195 sDAP impute no cpc 0.05
196 iDAP presence no cpc 0.05
197 allDAP presence no cpc 0.05
198 i1DAP presence no cpc 0.05
199 i2DAP presence no cpc 0.05
200 sDAP presence no cpc 0.05
201 iDAP impute yes fci-max 0.05
202 allDAP impute yes fci-max 0.05
203 i1DAP impute yes fci-max 0.05
204 i2DAP impute yes fci-max 0.05
205 sDAP impute yes fci-max 0.05
206 iDAP presence yes fci-max 0.05
207 allDAP presence yes fci-max 0.05
208 i1DAP presence yes fci-max 0.05
209 i2DAP presence yes fci-max 0.05
210 sDAP presence yes fci-max 0.05
211 iDAP impute no fci-max 0.05
212 allDAP impute no fci-max 0.05
213 i1DAP impute no fci-max 0.05
214 i2DAP impute no fci-max 0.05
215 sDAP impute no fci-max 0.05
216 iDAP presence no fci-max 0.05
217 allDAP presence no fci-max 0.05
218 i1DAP presence no fci-max 0.05
219 i2DAP presence no fci-max 0.05
220 sDAP presence no fci-max 0.05
221 iDAP impute yes fges-mb 0.05
222 allDAP impute yes fges-mb 0.05
223 i1DAP impute yes fges-mb 0.05
224 i2DAP impute yes fges-mb 0.05
225 sDAP impute yes fges-mb 0.05
226 iDAP presence yes fges-mb 0.05
227 allDAP presence yes fges-mb 0.05
228 i1DAP presence yes fges-mb 0.05
229 i2DAP presence yes fges-mb 0.05
230 sDAP presence yes fges-mb 0.05
231 iDAP impute no fges-mb 0.05
232 allDAP impute no fges-mb 0.05
233 i1DAP impute no fges-mb 0.05
234 i2DAP impute no fges-mb 0.05
235 sDAP impute no fges-mb 0.05
236 iDAP presence no fges-mb 0.05
237 allDAP presence no fges-mb 0.05
238 i1DAP presence no fges-mb 0.05
239 i2DAP presence no fges-mb 0.05
240 sDAP presence no fges-mb 0.05
241 iDAP impute yes pc-mb 0.05
242 allDAP impute yes pc-mb 0.05
243 i1DAP impute yes pc-mb 0.05
244 i2DAP impute yes pc-mb 0.05
245 sDAP impute yes pc-mb 0.05
246 iDAP presence yes pc-mb 0.05
247 allDAP presence yes pc-mb 0.05
248 i1DAP presence yes pc-mb 0.05
249 i2DAP presence yes pc-mb 0.05
250 sDAP presence yes pc-mb 0.05
251 iDAP impute no pc-mb 0.05
252 allDAP impute no pc-mb 0.05
253 i1DAP impute no pc-mb 0.05
254 i2DAP impute no pc-mb 0.05
255 sDAP impute no pc-mb 0.05
256 iDAP presence no pc-mb 0.05
257 allDAP presence no pc-mb 0.05
258 i1DAP presence no pc-mb 0.05
259 i2DAP presence no pc-mb 0.05
260 sDAP presence no pc-mb 0.05
261 iDAP impute yes pc 0.01
262 allDAP impute yes pc 0.01
263 i1DAP impute yes pc 0.01
264 i2DAP impute yes pc 0.01
265 sDAP impute yes pc 0.01
266 iDAP presence yes pc 0.01
267 allDAP presence yes pc 0.01
268 i1DAP presence yes pc 0.01
269 i2DAP presence yes pc 0.01
270 sDAP presence yes pc 0.01
271 iDAP impute no pc 0.01
272 allDAP impute no pc 0.01
273 i1DAP impute no pc 0.01
274 i2DAP impute no pc 0.01
275 sDAP impute no pc 0.01
276 iDAP presence no pc 0.01
277 allDAP presence no pc 0.01
278 i1DAP presence no pc 0.01
279 i2DAP presence no pc 0.01
280 sDAP presence no pc 0.01
281 iDAP impute yes grasp-fci 0.01
282 allDAP impute yes grasp-fci 0.01
283 i1DAP impute yes grasp-fci 0.01
284 i2DAP impute yes grasp-fci 0.01
285 sDAP impute yes grasp-fci 0.01
286 iDAP presence yes grasp-fci 0.01
287 allDAP presence yes grasp-fci 0.01
288 i1DAP presence yes grasp-fci 0.01
289 i2DAP presence yes grasp-fci 0.01
290 sDAP presence yes grasp-fci 0.01
291 iDAP impute no grasp-fci 0.01
292 allDAP impute no grasp-fci 0.01
293 i1DAP impute no grasp-fci 0.01
294 i2DAP impute no grasp-fci 0.01
295 sDAP impute no grasp-fci 0.01
296 iDAP presence no grasp-fci 0.01
297 allDAP presence no grasp-fci 0.01
298 i1DAP presence no grasp-fci 0.01
299 i2DAP presence no grasp-fci 0.01
300 sDAP presence no grasp-fci 0.01
301 iDAP impute yes fci 0.01
302 allDAP impute yes fci 0.01
303 i1DAP impute yes fci 0.01
304 i2DAP impute yes fci 0.01
305 sDAP impute yes fci 0.01
306 iDAP presence yes fci 0.01
307 allDAP presence yes fci 0.01
308 i1DAP presence yes fci 0.01
309 i2DAP presence yes fci 0.01
310 sDAP presence yes fci 0.01
311 iDAP impute no fci 0.01
312 allDAP impute no fci 0.01
313 i1DAP impute no fci 0.01
314 i2DAP impute no fci 0.01
315 sDAP impute no fci 0.01
316 iDAP presence no fci 0.01
317 allDAP presence no fci 0.01
318 i1DAP presence no fci 0.01
319 i2DAP presence no fci 0.01
320 sDAP presence no fci 0.01
321 iDAP impute yes grasp 0.01
322 allDAP impute yes grasp 0.01
323 i1DAP impute yes grasp 0.01
324 i2DAP impute yes grasp 0.01
325 sDAP impute yes grasp 0.01
326 iDAP presence yes grasp 0.01
327 allDAP presence yes grasp 0.01
328 i1DAP presence yes grasp 0.01
329 i2DAP presence yes grasp 0.01
330 sDAP presence yes grasp 0.01
331 iDAP impute no grasp 0.01
332 allDAP impute no grasp 0.01
333 i1DAP impute no grasp 0.01
334 i2DAP impute no grasp 0.01
335 sDAP impute no grasp 0.01
336 iDAP presence no grasp 0.01
337 allDAP presence no grasp 0.01
338 i1DAP presence no grasp 0.01
339 i2DAP presence no grasp 0.01
340 sDAP presence no grasp 0.01
341 iDAP impute yes gfci 0.01
342 allDAP impute yes gfci 0.01
343 i1DAP impute yes gfci 0.01
344 i2DAP impute yes gfci 0.01
345 sDAP impute yes gfci 0.01
346 iDAP presence yes gfci 0.01
347 allDAP presence yes gfci 0.01
348 i1DAP presence yes gfci 0.01
349 i2DAP presence yes gfci 0.01
350 sDAP presence yes gfci 0.01
351 iDAP impute no gfci 0.01
352 allDAP impute no gfci 0.01
353 i1DAP impute no gfci 0.01
354 i2DAP impute no gfci 0.01
355 sDAP impute no gfci 0.01
356 iDAP presence no gfci 0.01
357 allDAP presence no gfci 0.01
358 i1DAP presence no gfci 0.01
359 i2DAP presence no gfci 0.01
360 sDAP presence no gfci 0.01
361 iDAP impute yes rfci 0.01
362 allDAP impute yes rfci 0.01
363 i1DAP impute yes rfci 0.01
364 i2DAP impute yes rfci 0.01
365 sDAP impute yes rfci 0.01
366 iDAP presence yes rfci 0.01
367 allDAP presence yes rfci 0.01
368 i1DAP presence yes rfci 0.01
369 i2DAP presence yes rfci 0.01
370 sDAP presence yes rfci 0.01
371 iDAP impute no rfci 0.01
372 allDAP impute no rfci 0.01
373 i1DAP impute no rfci 0.01
374 i2DAP impute no rfci 0.01
375 sDAP impute no rfci 0.01
376 iDAP presence no rfci 0.01
377 allDAP presence no rfci 0.01
378 i1DAP presence no rfci 0.01
379 i2DAP presence no rfci 0.01
380 sDAP presence no rfci 0.01
381 iDAP impute yes cfci 0.01
382 allDAP impute yes cfci 0.01
383 i1DAP impute yes cfci 0.01
384 i2DAP impute yes cfci 0.01
385 sDAP impute yes cfci 0.01
386 iDAP presence yes cfci 0.01
387 allDAP presence yes cfci 0.01
388 i1DAP presence yes cfci 0.01
389 i2DAP presence yes cfci 0.01
390 sDAP presence yes cfci 0.01
391 iDAP impute no cfci 0.01
392 allDAP impute no cfci 0.01
393 i1DAP impute no cfci 0.01
394 i2DAP impute no cfci 0.01
395 sDAP impute no cfci 0.01
396 iDAP presence no cfci 0.01
397 allDAP presence no cfci 0.01
398 i1DAP presence no cfci 0.01
399 i2DAP presence no cfci 0.01
400 sDAP presence no cfci 0.01
401 iDAP impute yes cpc 0.01
402 allDAP impute yes cpc 0.01
403 i1DAP impute yes cpc 0.01
404 i2DAP impute yes cpc 0.01
405 sDAP impute yes cpc 0.01
406 iDAP presence yes cpc 0.01
407 allDAP presence yes cpc 0.01
408 i1DAP presence yes cpc 0.01
409 i2DAP presence yes cpc 0.01
410 sDAP presence yes cpc 0.01
411 iDAP impute no cpc 0.01
412 allDAP impute no cpc 0.01
413 i1DAP impute no cpc 0.01
414 i2DAP impute no cpc 0.01
415 sDAP impute no cpc 0.01
416 iDAP presence no cpc 0.01
417 allDAP presence no cpc 0.01
418 i1DAP presence no cpc 0.01
419 i2DAP presence no cpc 0.01
420 sDAP presence no cpc 0.01
421 iDAP impute yes fci-max 0.01
422 allDAP impute yes fci-max 0.01
423 i1DAP impute yes fci-max 0.01
424 i2DAP impute yes fci-max 0.01
425 sDAP impute yes fci-max 0.01
426 iDAP presence yes fci-max 0.01
427 allDAP presence yes fci-max 0.01
428 i1DAP presence yes fci-max 0.01
429 i2DAP presence yes fci-max 0.01
430 sDAP presence yes fci-max 0.01
431 iDAP impute no fci-max 0.01
432 allDAP impute no fci-max 0.01
433 i1DAP impute no fci-max 0.01
434 i2DAP impute no fci-max 0.01
435 sDAP impute no fci-max 0.01
436 iDAP presence no fci-max 0.01
437 allDAP presence no fci-max 0.01
438 i1DAP presence no fci-max 0.01
439 i2DAP presence no fci-max 0.01
440 sDAP presence no fci-max 0.01
441 iDAP impute yes fges-mb 0.01
442 allDAP impute yes fges-mb 0.01
443 i1DAP impute yes fges-mb 0.01
444 i2DAP impute yes fges-mb 0.01
445 sDAP impute yes fges-mb 0.01
446 iDAP presence yes fges-mb 0.01
447 allDAP presence yes fges-mb 0.01
448 i1DAP presence yes fges-mb 0.01
449 i2DAP presence yes fges-mb 0.01
450 sDAP presence yes fges-mb 0.01
451 iDAP impute no fges-mb 0.01
452 allDAP impute no fges-mb 0.01
453 i1DAP impute no fges-mb 0.01
454 i2DAP impute no fges-mb 0.01
455 sDAP impute no fges-mb 0.01
456 iDAP presence no fges-mb 0.01
457 allDAP presence no fges-mb 0.01
458 i1DAP presence no fges-mb 0.01
459 i2DAP presence no fges-mb 0.01
460 sDAP presence no fges-mb 0.01
461 iDAP impute yes pc-mb 0.01
462 allDAP impute yes pc-mb 0.01
463 i1DAP impute yes pc-mb 0.01
464 i2DAP impute yes pc-mb 0.01
465 sDAP impute yes pc-mb 0.01
466 iDAP presence yes pc-mb 0.01
467 allDAP presence yes pc-mb 0.01
468 i1DAP presence yes pc-mb 0.01
469 i2DAP presence yes pc-mb 0.01
470 sDAP presence yes pc-mb 0.01
471 iDAP impute no pc-mb 0.01
472 allDAP impute no pc-mb 0.01
473 i1DAP impute no pc-mb 0.01
474 i2DAP impute no pc-mb 0.01
475 sDAP impute no pc-mb 0.01
476 iDAP presence no pc-mb 0.01
477 allDAP presence no pc-mb 0.01
478 i1DAP presence no pc-mb 0.01
479 i2DAP presence no pc-mb 0.01
480 sDAP presence no pc-mb 0.01
481 iDAP impute yes pc 0.1
482 allDAP impute yes pc 0.1
483 i1DAP impute yes pc 0.1
484 i2DAP impute yes pc 0.1
485 sDAP impute yes pc 0.1
486 iDAP presence yes pc 0.1
487 allDAP presence yes pc 0.1
488 i1DAP presence yes pc 0.1
489 i2DAP presence yes pc 0.1
490 sDAP presence yes pc 0.1
491 iDAP impute no pc 0.1
492 allDAP impute no pc 0.1
493 i1DAP impute no pc 0.1
494 i2DAP impute no pc 0.1
495 sDAP impute no pc 0.1
496 iDAP presence no pc 0.1
497 allDAP presence no pc 0.1
498 i1DAP presence no pc 0.1
499 i2DAP presence no pc 0.1
500 sDAP presence no pc 0.1
501 iDAP impute yes grasp-fci 0.1
502 allDAP impute yes grasp-fci 0.1
503 i1DAP impute yes grasp-fci 0.1
504 i2DAP impute yes grasp-fci 0.1
505 sDAP impute yes grasp-fci 0.1
506 iDAP presence yes grasp-fci 0.1
507 allDAP presence yes grasp-fci 0.1
508 i1DAP presence yes grasp-fci 0.1
509 i2DAP presence yes grasp-fci 0.1
510 sDAP presence yes grasp-fci 0.1
511 iDAP impute no grasp-fci 0.1
512 allDAP impute no grasp-fci 0.1
513 i1DAP impute no grasp-fci 0.1
514 i2DAP impute no grasp-fci 0.1
515 sDAP impute no grasp-fci 0.1
516 iDAP presence no grasp-fci 0.1
517 allDAP presence no grasp-fci 0.1
518 i1DAP presence no grasp-fci 0.1
519 i2DAP presence no grasp-fci 0.1
520 sDAP presence no grasp-fci 0.1
521 iDAP impute yes fci 0.1
522 allDAP impute yes fci 0.1
523 i1DAP impute yes fci 0.1
524 i2DAP impute yes fci 0.1
525 sDAP impute yes fci 0.1
526 iDAP presence yes fci 0.1
527 allDAP presence yes fci 0.1
528 i1DAP presence yes fci 0.1
529 i2DAP presence yes fci 0.1
530 sDAP presence yes fci 0.1
531 iDAP impute no fci 0.1
532 allDAP impute no fci 0.1
533 i1DAP impute no fci 0.1
534 i2DAP impute no fci 0.1
535 sDAP impute no fci 0.1
536 iDAP presence no fci 0.1
537 allDAP presence no fci 0.1
538 i1DAP presence no fci 0.1
539 i2DAP presence no fci 0.1
540 sDAP presence no fci 0.1
541 iDAP impute yes grasp 0.1
542 allDAP impute yes grasp 0.1
543 i1DAP impute yes grasp 0.1
544 i2DAP impute yes grasp 0.1
545 sDAP impute yes grasp 0.1
546 iDAP presence yes grasp 0.1
547 allDAP presence yes grasp 0.1
548 i1DAP presence yes grasp 0.1
549 i2DAP presence yes grasp 0.1
550 sDAP presence yes grasp 0.1
551 iDAP impute no grasp 0.1
552 allDAP impute no grasp 0.1
553 i1DAP impute no grasp 0.1
554 i2DAP impute no grasp 0.1
555 sDAP impute no grasp 0.1
556 iDAP presence no grasp 0.1
557 allDAP presence no grasp 0.1
558 i1DAP presence no grasp 0.1
559 i2DAP presence no grasp 0.1
560 sDAP presence no grasp 0.1
561 iDAP impute yes gfci 0.1
562 allDAP impute yes gfci 0.1
563 i1DAP impute yes gfci 0.1
564 i2DAP impute yes gfci 0.1
565 sDAP impute yes gfci 0.1
566 iDAP presence yes gfci 0.1
567 allDAP presence yes gfci 0.1
568 i1DAP presence yes gfci 0.1
569 i2DAP presence yes gfci 0.1
570 sDAP presence yes gfci 0.1
571 iDAP impute no gfci 0.1
572 allDAP impute no gfci 0.1
573 i1DAP impute no gfci 0.1
574 i2DAP impute no gfci 0.1
575 sDAP impute no gfci 0.1
576 iDAP presence no gfci 0.1
577 allDAP presence no gfci 0.1
578 i1DAP presence no gfci 0.1
579 i2DAP presence no gfci 0.1
580 sDAP presence no gfci 0.1
581 iDAP impute yes rfci 0.1
582 allDAP impute yes rfci 0.1
583 i1DAP impute yes rfci 0.1
584 i2DAP impute yes rfci 0.1
585 sDAP impute yes rfci 0.1
586 iDAP presence yes rfci 0.1
587 allDAP presence yes rfci 0.1
588 i1DAP presence yes rfci 0.1
589 i2DAP presence yes rfci 0.1
590 sDAP presence yes rfci 0.1
591 iDAP impute no rfci 0.1
592 allDAP impute no rfci 0.1
593 i1DAP impute no rfci 0.1
594 i2DAP impute no rfci 0.1
595 sDAP impute no rfci 0.1
596 iDAP presence no rfci 0.1
597 allDAP presence no rfci 0.1
598 i1DAP presence no rfci 0.1
599 i2DAP presence no rfci 0.1
600 sDAP presence no rfci 0.1
601 iDAP impute yes cfci 0.1
602 allDAP impute yes cfci 0.1
603 i1DAP impute yes cfci 0.1
604 i2DAP impute yes cfci 0.1
605 sDAP impute yes cfci 0.1
606 iDAP presence yes cfci 0.1
607 allDAP presence yes cfci 0.1
608 i1DAP presence yes cfci 0.1
609 i2DAP presence yes cfci 0.1
610 sDAP presence yes cfci 0.1
611 iDAP impute no cfci 0.1
612 allDAP impute no cfci 0.1
613 i1DAP impute no cfci 0.1
614 i2DAP impute no cfci 0.1
615 sDAP impute no cfci 0.1
616 iDAP presence no cfci 0.1
617 allDAP presence no cfci 0.1
618 i1DAP presence no cfci 0.1
619 i2DAP presence no cfci 0.1
620 sDAP presence no cfci 0.1
621 iDAP impute yes cpc 0.1
622 allDAP impute yes cpc 0.1
623 i1DAP impute yes cpc 0.1
624 i2DAP impute yes cpc 0.1
625 sDAP impute yes cpc 0.1
626 iDAP presence yes cpc 0.1
627 allDAP presence yes cpc 0.1
628 i1DAP presence yes cpc 0.1
629 i2DAP presence yes cpc 0.1
630 sDAP presence yes cpc 0.1
631 iDAP impute no cpc 0.1
632 allDAP impute no cpc 0.1
633 i1DAP impute no cpc 0.1
634 i2DAP impute no cpc 0.1
635 sDAP impute no cpc 0.1
636 iDAP presence no cpc 0.1
637 allDAP presence no cpc 0.1
638 i1DAP presence no cpc 0.1
639 i2DAP presence no cpc 0.1
640 sDAP presence no cpc 0.1
641 iDAP impute yes fci-max 0.1
642 allDAP impute yes fci-max 0.1
643 i1DAP impute yes fci-max 0.1
644 i2DAP impute yes fci-max 0.1
645 sDAP impute yes fci-max 0.1
646 iDAP presence yes fci-max 0.1
647 allDAP presence yes fci-max 0.1
648 i1DAP presence yes fci-max 0.1
649 i2DAP presence yes fci-max 0.1
650 sDAP presence yes fci-max 0.1
651 iDAP impute no fci-max 0.1
652 allDAP impute no fci-max 0.1
653 i1DAP impute no fci-max 0.1
654 i2DAP impute no fci-max 0.1
655 sDAP impute no fci-max 0.1
656 iDAP presence no fci-max 0.1
657 allDAP presence no fci-max 0.1
658 i1DAP presence no fci-max 0.1
659 i2DAP presence no fci-max 0.1
660 sDAP presence no fci-max 0.1
661 iDAP impute yes fges-mb 0.1
662 allDAP impute yes fges-mb 0.1
663 i1DAP impute yes fges-mb 0.1
664 i2DAP impute yes fges-mb 0.1
665 sDAP impute yes fges-mb 0.1
666 iDAP presence yes fges-mb 0.1
667 allDAP presence yes fges-mb 0.1
668 i1DAP presence yes fges-mb 0.1
669 i2DAP presence yes fges-mb 0.1
670 sDAP presence yes fges-mb 0.1
671 iDAP impute no fges-mb 0.1
672 allDAP impute no fges-mb 0.1
673 i1DAP impute no fges-mb 0.1
674 i2DAP impute no fges-mb 0.1
675 sDAP impute no fges-mb 0.1
676 iDAP presence no fges-mb 0.1
677 allDAP presence no fges-mb 0.1
678 i1DAP presence no fges-mb 0.1
679 i2DAP presence no fges-mb 0.1
680 sDAP presence no fges-mb 0.1
681 iDAP impute yes pc-mb 0.1
682 allDAP impute yes pc-mb 0.1
683 i1DAP impute yes pc-mb 0.1
684 i2DAP impute yes pc-mb 0.1
685 sDAP impute yes pc-mb 0.1
686 iDAP presence yes pc-mb 0.1
687 allDAP presence yes pc-mb 0.1
688 i1DAP presence yes pc-mb 0.1
689 i2DAP presence yes pc-mb 0.1
690 sDAP presence yes pc-mb 0.1
691 iDAP impute no pc-mb 0.1
692 allDAP impute no pc-mb 0.1
693 i1DAP impute no pc-mb 0.1
694 i2DAP impute no pc-mb 0.1
695 sDAP impute no pc-mb 0.1
696 iDAP presence no pc-mb 0.1
697 allDAP presence no pc-mb 0.1
698 i1DAP presence no pc-mb 0.1
699 i2DAP presence no pc-mb 0.1
700 sDAP presence no pc-mb 0.1
